// Jest Snapshot v1, https://goo.gl/fbAQLP

exports[`expect Custom404 component to match Snapshot 1`] = `ShallowWrapper {}`;
