// Jest Snapshot v1, https://goo.gl/fbAQLP

exports[`expect hafa_samband component to match Snapshot 1`] = `ShallowWrapper {}`;
