// Jest Snapshot v1, https://goo.gl/fbAQLP

exports[`expect Carousel component to match Snapshot 1`] = `ShallowWrapper {}`;
