// Jest Snapshot v1, https://goo.gl/fbAQLP

exports[`expect Footer component to match Snapshot 1`] = `ShallowWrapper {}`;
